I'll help you implement GitHub issue 54. Let me start by reading the issue details and understanding the requirements.
$ gh issue view 54 (exit 0)
Now let me check the comments on this issue to understand any additional context.
$ gh issue view 54 --comments (exit 0)
Let me explore the codebase structure to understand the current project layout and identify where to implement the Agent Mode feature.
Listed .

$ ls -la (exit 0)

$ cat README.md (exit 0)

$ cat IMPLEMENTATION.md (exit 0)
Now I understand the context. This is a Phase 1 analysis and design task for implementing an Agent Mode feature in Cursor. Let me create a comprehensive todo list to track the implementation of all the requirements.Let me start by analyzing the requirements and creating the foundational documents. First, let me post a progress update and then begin implementation.
$ gh issue comment 54 --body 'Progress update: Starting Phase 1 Analysis & Design for Agent Mode feature. Creating comprehensive technical specification and design documents for natural language code generation via Ctrl+I hotkey.' (exit 0)
Now let me create the core documents for the Agent Mode feature implementation. I'll start with the technical specification document.Let me create the docs directory first and then create the technical specification.
$ mkdir -p docs (exit 0)
Let me check the current directory structure and permissions.
$ pwd && ls -la && ls -la docs/ (exit 0)
Good, the docs directory exists. Let me try a different approach to create the files using shell commands.
$ cat > docs/agent-mode-technical-specification.md << 'EOF'
# Agent Mode Technical Specification

## 1. Overview

Agent Mode is a revolutionary feature that enables developers to generate complete, functional code using natural language instructions via the Ctrl+I hotkey. This feature represents a paradigm shift from traditional code editing to conversational code generation, leveraging Cursor's proprietary AI models for intelligent code synthesis.

## 2. Architecture Overview

### 2.1 High-Level Architecture

```
┌─────────────────┐    ┌──────────────────┐    ┌─────────────────┐
│   VS Code UI   │    │   Agent Mode     │    │  Proprietary    │
│   Extension     │◄──►│   Controller     │◄──►│  AI Models      │
└─────────────────┘    └──────────────────┘    └─────────────────┘
        │                       │                       │
        │                       │                       │
        ▼                       ▼                       ▼
┌─────────────────┐    ┌──────────────────┐    ┌─────────────────┐
│   Hotkey        │    │   Context        │    │  Model          │
│   Manager       │    │   Analyzer       │    │  Interface      │
└─────────────────┘    └──────────────────┘    └─────────────────┘
```

### 2.2 Core Components

#### 2.2.1 Agent Mode Controller
- **Purpose**: Central orchestrator for the Agent Mode feature
- **Responsibilities**:
  - Coordinate between UI, context analysis, and model inference
  - Manage state transitions during code generation
  - Handle error scenarios and fallback mechanisms
  - Provide real-time feedback to developers

#### 2.2.2 Natural Language Processor
- **Purpose**: Parse and understand natural language instructions
- **Capabilities**:
  - Intent classification (create, modify, refactor, debug)
  - Entity extraction (functions, variables, classes)
  - Context disambiguation
  - Multi-turn conversation handling

#### 2.2.3 Context Analyzer
- **Purpose**: Analyze current code context for intelligent generation
- **Features**:
  - File structure analysis
  - Import dependency tracking
  - Code style pattern recognition
  - Variable scope analysis
  - Type inference and checking

#### 2.2.4 Code Generator
- **Purpose**: Generate functional code based on processed instructions
- **Capabilities**:
  - Multi-line code synthesis
  - Framework-specific code generation
  - API integration suggestions
  - Test code generation
  - Documentation generation

## 3. Technical Requirements

### 3.1 Functional Requirements

#### 3.1.1 Core Functionality
- **FR-1**: Accept natural language instructions via Ctrl+I hotkey
- **FR-2**: Generate complete, functional code with high accuracy
- **FR-3**: Support multi-line edits and complex code structures
- **FR-4**: Provide real-time feedback during generation process
- **FR-5**: Allow iterative refinement of generated code

#### 3.1.2 Language Support
- **FR-6**: Support major programming languages (JavaScript, TypeScript, Python, Java, C#, Go, Rust)
- **FR-7**: Framework-aware generation (React, Vue, Angular, Django, Flask, Spring)
- **FR-8**: Database query generation (SQL, NoSQL)
- **FR-9**: API integration code (REST, GraphQL, gRPC)

#### 3.1.3 Context Awareness
- **FR-10**: Analyze existing codebase for consistent style
- **FR-11**: Respect existing project structure and conventions
- **FR-12**: Integrate with existing imports and dependencies
- **FR-13**: Maintain type safety and compatibility

### 3.2 Non-Functional Requirements

#### 3.2.1 Performance
- **NFR-1**: Response time < 2 seconds for simple code generation
- **NFR-2**: Response time < 5 seconds for complex multi-file changes
- **NFR-3**: Memory usage < 500MB additional overhead
- **NFR-4**: CPU utilization < 30% during idle state

#### 3.2.2 Reliability
- **NFR-5**: 99.9% uptime for Agent Mode availability
- **NFR-6**: Graceful degradation when AI models are unavailable
- **NFR-7**: Data persistence for conversation history
- **NFR-8**: Automatic recovery from transient failures

#### 3.2.3 Security
- **NFR-9**: No code transmission to external services without consent
- **NFR-10**: Local processing of sensitive code when possible
- **NFR-11**: Encryption of conversation history
- **NFR-12**: Audit trail for code generation activities

## 4. System Interfaces

### 4.1 VS Code Extension API Integration

#### 4.1.1 Editor Integration
```typescript
interface EditorIntegration {
  getCurrentSelection(): TextSelection;
  insertText(position: Position, text: string): void;
  replaceText(range: Range, text: string): void;
  getDocumentContext(): DocumentContext;
  showInlineProgress(progress: ProgressInfo): void;
}
```

### 4.2 AI Model Interface

#### 4.2.1 Model Communication
```typescript
interface ModelInterface {
  generateCode(request: CodeGenerationRequest): Promise<CodeGenerationResponse>;
  refineCode(context: RefinementContext): Promise<CodeGenerationResponse>;
  explainCode(code: string): Promise<ExplanationResponse>;
  healthCheck(): Promise<HealthStatus>;
}
```

## 5. Implementation Strategy

### 5.1 Development Phases

#### Phase 1: Core Infrastructure (4 weeks)
- Set up Agent Mode controller framework
- Implement basic hotkey handling
- Create model interface abstractions
- Build context analysis foundation

#### Phase 2: Natural Language Processing (3 weeks)
- Implement instruction parsing
- Build intent classification system
- Create entity extraction pipeline
- Add conversation management

#### Phase 3: Code Generation Engine (5 weeks)
- Integrate with proprietary AI models
- Implement code synthesis logic
- Add multi-language support
- Build post-processing pipeline

#### Phase 4: UI/UX Integration (3 weeks)
- Design and implement user interface
- Add progress indicators and feedback
- Create configuration panels
- Implement keyboard shortcuts

#### Phase 5: Testing & Optimization (3 weeks)
- Comprehensive testing across languages
- Performance optimization
- Security auditing
- User acceptance testing

This technical specification provides the foundation for implementing Agent Mode, ensuring a comprehensive approach to natural language code generation that maintains high quality, performance, and user experience standards.
EOF (exit 0)
Excellent! Now let me create the natural language processing pipeline design document.
$ cat > docs/nlp-pipeline-design.md << 'EOF'
# Natural Language Processing Pipeline Design

## 1. Overview

The Natural Language Processing (NLP) Pipeline is the core component that transforms natural language instructions into structured data that can be processed by the code generation engine. This document outlines the design, architecture, and implementation details of the NLP pipeline for Agent Mode.

## 2. Pipeline Architecture

### 2.1 High-Level Pipeline Flow

```
Natural Language Input
        ↓
Text Preprocessing
        ↓
Intent Classification
        ↓
Entity Extraction
        ↓
Context Enrichment
        ↓
Semantic Understanding
        ↓
Structured Instruction Output
```

### 2.2 Pipeline Components

#### 2.2.1 Text Preprocessor
- **Purpose**: Clean and normalize input text
- **Responsibilities**:
  - Remove noise and irrelevant characters
  - Handle code snippets within natural language
  - Normalize whitespace and formatting
  - Detect and preserve code blocks

#### 2.2.2 Intent Classifier
- **Purpose**: Determine the primary action requested by the user
- **Supported Intents**:
  - CREATE: Generate new code from scratch
  - MODIFY: Alter existing code
  - REFACTOR: Restructure code while maintaining functionality
  - DEBUG: Identify and fix issues in code
  - EXPLAIN: Provide documentation or comments
  - TEST: Generate test cases
  - OPTIMIZE: Improve performance or efficiency

#### 2.2.3 Entity Extractor
- **Purpose**: Identify key programming entities mentioned in the instruction
- **Entity Types**:
  - Functions/Methods
  - Classes/Interfaces
  - Variables/Properties
  - Frameworks/Libraries
  - File names/Paths
  - Data types
  - API endpoints

#### 2.2.4 Context Enricher
- **Purpose**: Augment instruction with relevant context information
- **Context Sources**:
  - Current file contents
  - Project structure
  - Import statements
  - Symbol definitions
  - Recent changes

#### 2.2.5 Semantic Analyzer
- **Purpose**: Build deep understanding of the instruction meaning
- **Capabilities**:
  - Resolve ambiguous references
  - Infer missing information
  - Handle multi-step instructions
  - Detect contradictions or conflicts

## 3. Intent Classification System

### 3.1 Intent Taxonomy

#### 3.1.1 Primary Intents
- **CREATE**: Generate new code elements
  - Subintents: function, class, component, module, test, config
- **MODIFY**: Change existing code
  - Subintents: add, remove, update, rename, move
- **REFACTOR**: Improve code structure
  - Subintents: extract, inline, rename, reorganize
- **DEBUG**: Fix issues
  - Subintents: error, warning, logic, performance
- **EXPLAIN**: Add documentation
  - Subintents: comment, docstring, readme, example
- **TEST**: Generate tests
  - Subintents: unit, integration, e2e, mock

#### 3.1.2 Intent Confidence Scoring
```typescript
interface IntentClassification {
  primaryIntent: Intent;
  confidence: number;
  alternativeIntents: Array<{
    intent: Intent;
    confidence: number;
  }>;
  ambiguityFlags: string[];
}
```

### 3.2 Classification Algorithm

#### 3.2.1 Rule-Based Classification
- Keyword matching for clear indicators
- Pattern recognition for common phrases
- Context-aware disambiguation

#### 3.2.2 Machine Learning Classification
- Fine-tuned language models for intent detection
- Context embeddings for improved accuracy
- Active learning from user feedback

## 4. Entity Extraction Engine

### 4.1 Entity Types and Patterns

#### 4.1.1 Code Entities
```typescript
interface CodeEntity {
  type: 'function' | 'class' | 'variable' | 'type' | 'module';
  name: string;
  confidence: number;
  position: TextSpan;
  context?: string;
}
```

#### 4.1.2 Framework Entities
```typescript
interface FrameworkEntity {
  type: 'framework' | 'library' | 'api';
  name: string;
  version?: string;
  documentation?: string;
  examples?: string[];
}
```

### 4.2 Extraction Strategies

#### 4.2.1 Pattern-Based Extraction
- Regular expressions for common patterns
- Programming language specific patterns
- Framework-specific entity patterns

#### 4.2.2 Context-Aware Extraction
- Syntax analysis of surrounding code
- Import statement analysis
- Symbol table lookup

#### 4.2.3 Fuzzy Matching
- Handle typos and variations
- Suggest corrections for unknown entities
- Learn from user corrections

## 5. Context Integration

### 5.1 Context Sources

#### 5.1.1 File Context
- Current file syntax tree
- Variable declarations
- Function definitions
- Import statements

#### 5.1.2 Project Context
- File structure
- Configuration files
- Dependency manifest
- Documentation

#### 5.1.3 Workspace Context
- Open files
- Recent changes
- Search history
- User preferences

### 5.2 Context Weighting

#### 5.2.1 Relevance Scoring
```typescript
interface ContextItem {
  source: ContextSource;
  content: string;
  relevanceScore: number;
  type: 'syntax' | 'semantic' | 'structural';
}
```

#### 5.2.2 Context Selection
- Prioritize relevant context based on instruction
- Limit context size for performance
- Dynamic context expansion based on complexity

## 6. Semantic Understanding

### 6.1 Language Understanding Models

#### 6.1.1 Programming Language Models
- Language-specific understanding
- Framework-aware processing
- Pattern recognition for common tasks

#### 6.1.2 Domain-Specific Models
- Web development patterns
- Mobile app patterns
- Backend service patterns
- Data processing patterns

### 6.2 Multi-Turn Conversation

#### 6.2.1 Conversation State
```typescript
interface ConversationState {
  sessionId: string;
  history: ConversationTurn[];
  context: AccumulatedContext;
  activeIntent: Intent;
  pendingClarifications: string[];
}
```

#### 6.2.2 Reference Resolution
- Pronoun resolution ("it", "this", "that")
- Implicit entity reference
- Cross-turn entity tracking

## 7. Output Specification

### 7.1 Structured Instruction Format

```typescript
interface StructuredInstruction {
  intent: IntentClassification;
  entities: CodeEntity[];
  context: ContextItem[];
  parameters: InstructionParameters;
  constraints: Constraint[];
  expectations: Expectation[];
}

interface InstructionParameters {
  language?: string;
  framework?: string;
  style?: CodingStyle;
  complexity?: 'simple' | 'moderate' | 'complex';
  scope?: 'function' | 'class' | 'file' | 'module';
}
```

### 7.2 Validation and Quality Assurance

#### 7.2.1 Instruction Validation
- Required parameter validation
- Constraint consistency checking
- Ambiguity detection and resolution

#### 7.2.2 Quality Metrics
- Intent classification accuracy
- Entity extraction completeness
- Context relevance scoring
- User satisfaction feedback

## 8. Performance Optimization

### 8.1 Processing Pipeline

#### 8.1.1 Parallel Processing
- Concurrent intent classification and entity extraction
- Asynchronous context loading
- Pipeline stage optimization

#### 8.1.2 Caching Strategy
- Intent classification results
- Entity extraction patterns
- Context analysis results
- Model inference caching

### 8.2 Scalability Considerations

#### 8.2.1 Model Loading
- Lazy loading of specialized models
- Model sharing across sessions
- Memory-efficient model storage

#### 8.2.2 Processing Optimization
- Batch processing for multiple instructions
- Incremental context updates
- Differential processing for similar instructions

## 9. Error Handling and Fallbacks

### 9.1 Error Categories

#### 9.1.1 Input Errors
- Ambiguous instructions
- Insufficient context
- Conflicting requirements
- Unsupported operations

#### 9.1.2 Processing Errors
- Model inference failures
- Context analysis errors
- Entity resolution failures
- Resource constraints

### 9.2 Fallback Strategies

#### 9.2.1 Graceful Degradation
- Simplified processing modes
- Rule-based fallbacks
- User clarification prompts
- Best-effort processing

#### 9.2.2 Error Recovery
- Automatic retry mechanisms
- Alternative processing paths
- User feedback incorporation
- Learning from failures

## 10. Testing and Validation

### 10.1 Test Strategy

#### 10.1.1 Unit Testing
- Individual component testing
- Mock data validation
- Edge case handling
- Performance benchmarking

#### 10.1.2 Integration Testing
- End-to-end pipeline testing
- Context integration validation
- Multi-language support verification
- Conversation flow testing

### 10.2 Quality Metrics

#### 10.2.1 Accuracy Metrics
- Intent classification accuracy: >90%
- Entity extraction F1 score: >85%
- Context relevance score: >80%
- End-to-end instruction understanding: >85%

#### 10.2.2 Performance Metrics
- Processing latency: <500ms
- Memory usage: <100MB per session
- Throughput: >100 instructions/minute
- Model load time: <2s

This NLP pipeline design provides a robust foundation for understanding and processing natural language instructions in the Agent Mode feature, ensuring accurate interpretation and effective code generation.
EOF (exit 0)
Now let me commit this progress and update the todos.